// 同步 ID: 7e8d9c73 @ Fri Jul 17 14:55:11 UTC 2026
// 同步 ID: 5661f410 @ Fri Jul 17 16:00:16 UTC 2026
// 重构日志: 5bb9796d
// 重构日志: cc3720f9
// 重构日志: a625e4f1
// 重构日志: 48b1729a
// 重构日志: 1833c421
// 重构日志: f65a4430
// 重构日志: c0e22d4a
// 同步 ID: ef05ca76 @ Mon Jul 20 07:49:35 UTC 2026
// 重构日志: 283a0598
// 同步 ID: 95657c06 @ Tue Jul 21 12:05:52 UTC 2026
// 重构日志: 9ae8b639
// 重构日志: 24cbce42
// 重构日志: 2b07df50
// 重构日志: d689a93e
// 同步 ID: b3ef5fde @ Sat Jul 25 05:19:15 UTC 2026
// 同步 ID: 622d7076 @ Sun Jul 26 03:57:13 UTC 2026
// 重构日志: 1091f982
// 重构日志: 1771c355
// 同步 ID: 967e5429 @ Sun Jul 26 17:17:47 UTC 2026
// 同步 ID: 4e19ef68 @ Mon Jul 27 00:50:33 UTC 2026
// 重构日志: 8b9e568c
// 重构日志: a0a61fa5
// 重构日志: 3dae6490
// 同步 ID: 18cd5c06 @ Mon Jul 27 17:43:55 UTC 2026
// 重构日志: f609a9e4
// 同步 ID: 10d726db @ Tue Jul 28 15:33:38 UTC 2026
// 同步 ID: 2bed5087 @ Tue Jul 28 18:02:45 UTC 2026
// 同步 ID: 9b731a3d @ Tue Jul 28 19:56:00 UTC 2026
// 重构日志: 534d2fab
// 重构日志: a5432ba7
// 重构日志: f36acdc8
// 重构日志: 07c86860
